## mke2fs mkfs 格式化磁盘 
/etc/filesystems : 查看当前系统支持的所有文件系统的格式  
```
[root@localhost ~]# cat  /etc/filesystems
xfs
ext4
ext3
ext2
nodev proc
nodev devpts
iso9660
vfat
hfs
hfsplus
*
```
centos5 :ext3
centos6 :ext4
centos7 :xfs  

### mke2fs 
-t ：文件系统类型 不支持xfs类型(默认ext2)  
-b : 指定块大小 ,磁盘上都是小文件（小于4k）可以考虑缩小块.  
-m : 预留空间大小指定  
-i 8192 :  指定多少个字节分配一个inode  
```
[root@localhost ~]# mke2fs -t ext4 -m 4 -i  8192 -b 8192 /dev/sdc1 
Warning: blocksize 8192 not usable on most systems.
mke2fs 1.42.9 (28-Dec-2013)
mke2fs: 8192-byte blocks too big for system (max 4096)
无论如何也要继续? (y,n) y
Warning: 8192-byte blocks too big for system (max 4096), forced to continue
warning: 16 blocks unused.

文件系统标签=
OS type: Linux
块大小=8192 (log=3)
分块大小=8192 (log=3)
Stride=0 blocks, Stripe width=0 blocks
131008 inodes, 131056 blocks
5241 blocks (4.00%) reserved for the super user
第一个数据块=0
Maximum filesystem blocks=134201344

[root@localhost ~]# mount /dev/sdc1 /mnt/   #注：块大小超过4096,挂载会报错.   重新格式化后挂载成功. 
mount: 文件系统类型错误、选项错误、/dev/sdc1 上有坏超级块、
       缺少代码页或助手程序，或其他错误

       有些情况下在 syslog 中可以找到一些有用信息- 请尝试
       dmesg | tail  这样的命令看看。

[root@localhost ~]#  dmesg | tail
[ 3156.865783] EXT4-fs (sdc1): bad block size 8192
[ 3324.133392] EXT4-fs (sdc1): bad block size 8192
```

### mkfs  
mkfs.xfs -f /dev/sdb1  
-f : 强制格式化 (之前格式化过sdb1，已经有了文件系统格式)  
```
[root@localhost ~]# mkfs.xfs /dev/sdc5
meta-data=/dev/sdc5              isize=512    agcount=4, agsize=51200 blks
         =                       sectsz=512   attr=2, projid32bit=1
         =                       crc=1        finobt=0, sparse=0
data     =                       bsize=4096   blocks=204800, imaxpct=25
         =                       sunit=0      swidth=0 blks
naming   =version 2              bsize=4096   ascii-ci=0 ftype=1
log      =internal log           bsize=4096   blocks=855, version=2
         =                       sectsz=512   sunit=0 blks, lazy-count=1
realtime =none                   extsz=4096   blocks=0, rtextents=0
```
mkfs.ext4 -m 1 /dev/sdb1  
mke2fs -t ext4 /dev/sdb1 === mkfs.ext4 /dev/sdb1  

### blkid  查看未挂载的分区文件系统格式  
```
[root@localhost ~]# blkid /dev/sdc1
/dev/sdc1: UUID="9d6ff26b-6cc9-40ab-addd-b51ed4f306cf" TYPE="ext4"
```

## mount  
mount : 挂载文件系统或者查看已经挂载的分区的文件系统格式  
挂载：mount /dev/sdb /mnt  
卸载：umount /dev/sdb 或者 /mnt   
挂载分区时默认参数
```
       defaults
              Use default options: rw, suid, dev, exec, auto, nouser, and async.
```
mount -o rw,remount  /dev/sdc5  
umount -l : 不退出分区直接卸载  
```
[root@localhost test1]# umount /mnt/test1
umount: /mnt/test1：目标忙。
        (有些情况下通过 lsof(8) 或 fuser(1) 可以
         找到有关使用该设备的进程的有用信息)
[root@localhost test1]# umount -l /mnt/test1
```


### /etc/fstab  
磁盘被手动挂载之后都必须把挂载信息写入/etc/fstab这个文件中，否则下次开机启动时仍然需要重新挂载。
```
[root@localhost test1]# cat /etc/fstab
UUID=6f1014a6-2757-460e-916f-d4ec5e49b1fb /                       xfs     defaults        0 0
UUID=3204f50f-398e-4551-9988-ecc3e3f85816 /boot                   xfs     defaults        0 0
UUID=b216b5a3-936f-4838-9dc8-f03c8a8738c1 swap                    swap    defaults        0 0
设备号        挂载点         文件系统格式   选项     开启dump备份    设置开机检测优先级  
uuid=  
/dev/sdb	/mnt		xfs	defaults	0            0 不检测 1,2 检测  

defaults
        use default options: rw, suid, dev, exec, auto, nouser, and async.

exec: 挂载上后文件可以执行  
nouser：普通用户可以挂载  
async：内存的数据不会实时同步到磁盘  
```

## swap分区格式化及挂载  
```
[root@localhost mnt]# dd if=/dev/zero of=/mnt/newswap bs=2M count=50 #输入端if，输出端of，bs-block size ，count-多少块  
记录了50+0 的读入
记录了50+0 的写出
104857600字节(105 MB)已复制，2.7208 秒，38.5 MB/秒
[root@localhost mnt]# du -h newswap 
100M	newswap
[root@localhost mnt]# mkswap /mnt/newswap #将文件所占磁盘设置成swap
正在设置交换空间版本 1，大小 = 102396 KiB
无标签，UUID=993432a7-5390-460d-a4f0-b22c23e4c060
[root@localhost mnt]# free -h
              total        used        free      shared  buff/cache   available
Mem:           976M        127M        440M        6.7M        408M        668M
Swap:          2.0G          0B        2.0G
[root@localhost mnt]# swapon /mnt/newswap #启用swap
swapon: /mnt/newswap：不安全的权限 0644，建议使用 0600。
[root@localhost mnt]# free -h
              total        used        free      shared  buff/cache   available
Mem:           976M        127M        440M        6.7M        408M        668M
Swap:          2.1G          0B        2.1G
[root@localhost mnt]# swapoff /mnt/newswap #卸载swap
[root@localhost mnt]# free -h
              total        used        free      shared  buff/cache   available
Mem:           976M        127M        440M        6.7M        408M        668M
Swap:          2.0G          0B        2.0G
```
